// Jest Snapshot v1, https://goo.gl/fbAQLP

exports[`AuthModal should render the AuthModal Component correctly 1`] = `
<Modal
  ariaHideApp={true}
  bodyOpenClassName="ReactModal__Body--open"
  closeTimeoutMS={0}
  isOpen={false}
  onRequestClose={[Function]}
  parentSelector={[Function]}
  portalClassName="ReactModalPortal"
  role="dialog"
  shouldCloseOnEsc={true}
  shouldCloseOnOverlayClick={true}
  shouldFocusAfterRender={true}
  shouldReturnFocusAfterClose={true}
  style={
    Object {
      "content": Object {
        "border": "none",
        "borderRadius": "10px",
        "bottom": "auto",
        "left": "50%",
        "padding": "0px",
        "right": "auto",
        "top": "50%",
        "transform": "translate(-50%, -50%)",
      },
    }
  }
>
  <LoginForm
    closeModal={[Function]}
  />
</Modal>
`;
