// Jest Snapshot v1, https://goo.gl/fbAQLP

exports[`Invoice should render the Invoice Component correctly 1`] = `[Function]`;
