// Jest Snapshot v1, https://goo.gl/fbAQLP

exports[`BookingRequest should render the BookingRequest Component correctly 1`] = `[Function]`;
