// Jest Snapshot v1, https://goo.gl/fbAQLP

exports[`Profile should render the Profile Component correctly 1`] = `[Function]`;
