// Jest Snapshot v1, https://goo.gl/fbAQLP

exports[`About should render the About Component correctly 1`] = `
<div
  className="homepage-container"
>
  <Header />
  <div
    className="body-container2"
  >
    About
  </div>
</div>
`;
