// Jest Snapshot v1, https://goo.gl/fbAQLP

exports[`BOLInstruction should render the BOLInstruction Component correctly 1`] = `[Function]`;
