// Jest Snapshot v1, https://goo.gl/fbAQLP

exports[`Services should render the Services Component correctly 1`] = `
<div
  className="homepage-container"
>
  <Header />
  <div
    className="body-container2"
  >
    Services
  </div>
</div>
`;
