// Jest Snapshot v1, https://goo.gl/fbAQLP

exports[`ScheduleForm should render the ScheduleForm Component correctly 1`] = `[Function]`;
