// Jest Snapshot v1, https://goo.gl/fbAQLP

exports[`ScheduleResultList should render the ScheduleResultList Component correctly 1`] = `[Function]`;
