// Jest Snapshot v1, https://goo.gl/fbAQLP

exports[`UserList should render the UserList Component correctly 1`] = `
<ul
  className="bol-instruction-list"
/>
`;
