// Jest Snapshot v1, https://goo.gl/fbAQLP

exports[`Homepage should render the Homepage Component correctly 1`] = `[Function]`;
