// Jest Snapshot v1, https://goo.gl/fbAQLP

exports[`BolForm should render the BolForm Component correctly 1`] = `[Function]`;
