// Jest Snapshot v1, https://goo.gl/fbAQLP

exports[`BookingForm should render the BookingForm Component correctly 1`] = `
<form
  className="booking-form-container"
  noValidate={true}
  onSubmit={[MockFunction]}
>
  <InfoRow
    name="Commodity"
  />
  <InfoRow
    camelizeName="hsCode"
    name="HS Code"
  />
  <div
    className="schedule-result-header-row"
  >
    <div
      key="0"
    >
      <span
        className="info-label-special"
      >
        Quantity
      </span>
    </div>
    <div
      key="1"
    >
      <span
        className="info-label-special"
      >
        Container Type
      </span>
    </div>
  </div>
  <div
    className="instruction-result-row"
    key="0"
  >
    <input
      className="booking-form-input-start"
      name="quantity"
      placeholder="i.e. 420010"
      required={true}
      type="number"
    />
    <select
      className="booking-form-input"
      name="containerType"
    >
      <option
        key="0"
        value="20' Dry"
      >
        20' Dry
      </option>
      <option
        key="1"
        value="40' Dry"
      >
        40' Dry
      </option>
      <option
        key="2"
        value="40'HC Dry"
      >
        40'HC Dry
      </option>
    </select>
  </div>
  <button
    className="add-button"
    onClick={[Function]}
  >
    Add Container
  </button>
  <Select
    camelizeName="paymentTerm"
    name="Payment Term"
    options={
      Array [
        "Prepaid",
        "Collect",
      ]
    }
  />
  <Select
    camelizeName="autoFilling"
    name="CAED/AES filing by OneStep?"
    options={
      Array [
        "Yes",
        "No",
      ]
    }
  />
  <button
    className="result-button"
  >
    Book
  </button>
</form>
`;
