// Jest Snapshot v1, https://goo.gl/fbAQLP

exports[`Schedule should render the Schedule Component correctly 1`] = `[Function]`;
