// Jest Snapshot v1, https://goo.gl/fbAQLP

exports[`Companies should render the Companies Component correctly 1`] = `[Function]`;
