// Jest Snapshot v1, https://goo.gl/fbAQLP

exports[`Form should render the Form Component correctly 1`] = `[Function]`;
