// Jest Snapshot v1, https://goo.gl/fbAQLP

exports[`Rolling should render the Rolling Component correctly 1`] = `[Function]`;
